
> dentaflow@0.1.0 build
> tsc && vite build

src/components/Footer.tsx(1,1): error TS6133: 'React' is declared but its value is never read.
src/components/Footer.tsx(2,1): error TS6133: 'Link' is declared but its value is never read.
src/components/Footer.tsx(3,1): error TS6133: 'Diamond' is declared but its value is never read.
src/components/Navbar.tsx(1,8): error TS6133: 'React' is declared but its value is never read.
src/components/ServiceCard.tsx(8,10): error TS6133: 'cn' is declared but its value is never read.
src/pages/AdminDashboard.tsx(1,8): error TS6133: 'React' is declared but its value is never read.
src/pages/AdminDashboard.tsx(12,3): error TS6133: 'CheckCircle' is declared but its value is never read.
src/pages/Book.tsx(1,8): error TS6133: 'React' is declared but its value is never read.
src/pages/Book.tsx(5,18): error TS6133: 'AnimatePresence' is declared but its value is never read.
src/pages/Book.tsx(7,10): error TS6133: 'Calendar' is declared but its value is never read.
src/pages/Book.tsx(7,27): error TS6133: 'User' is declared but its value is never read.
src/pages/Book.tsx(7,33): error TS6133: 'Phone' is declared but its value is never read.
src/pages/Book.tsx(7,40): error TS6133: 'WarningCircle' is declared but its value is never read.
src/pages/Landing.tsx(1,1): error TS6133: 'React' is declared but its value is never read.
